// Jest Snapshot v1, https://goo.gl/fbAQLP

exports[`App Component should match snapshot 1`] = `
<p
  className="app"
>
  Hello
</p>
`;
